
> identity-service@1.0.0 start:dev
> nest start --watch

[2J[3J[H[[90m13:17:30[0m] Starting compilation in watch mode...

[96msrc/infrastructure/modules/identity.module.ts[0m:[93m6[0m:[93m30[0m - [91merror[0m[90m TS2307: [0mCannot find module '../application/use-cases/login.usecase' or its corresponding type declarations.

[7m6[0m import { LoginUseCase } from '../application/use-cases/login.usecase';
[7m [0m [91m                             ~~~~~~~~~~~~~~~~~~~~~~~~~~~~~~~~~~~~~~~~[0m

[96msrc/infrastructure/modules/identity.module.ts[0m:[93m7[0m:[93m33[0m - [91merror[0m[90m TS2307: [0mCannot find module '../application/use-cases/register.usecase' or its corresponding type declarations.

[7m7[0m import { RegisterUseCase } from '../application/use-cases/register.usecase';
[7m [0m [91m                                ~~~~~~~~~~~~~~~~~~~~~~~~~~~~~~~~~~~~~~~~~~~[0m

[96msrc/infrastructure/modules/identity.module.ts[0m:[93m10[0m:[93m32[0m - [91merror[0m[90m TS2307: [0mCannot find module '../adapters/inbound/http/auth.controller' or its corresponding type declarations.

[7m10[0m import { AuthController } from '../adapters/inbound/http/auth.controller';
[7m  [0m [91m                               ~~~~~~~~~~~~~~~~~~~~~~~~~~~~~~~~~~~~~~~~~~[0m

[96msrc/infrastructure/modules/identity.module.ts[0m:[93m13[0m:[93m40[0m - [91merror[0m[90m TS2307: [0mCannot find module '../adapters/outbound/persistence/supabase-user.repository' or its corresponding type declarations.

[7m13[0m import { SupabaseUserRepository } from '../adapters/outbound/persistence/supabase-user.repository';
[7m  [0m [91m                                       ~~~~~~~~~~~~~~~~~~~~~~~~~~~~~~~~~~~~~~~~~~~~~~~~~~~~~~~~~~~[0m

[96msrc/infrastructure/modules/identity.module.ts[0m:[93m14[0m:[93m40[0m - [91merror[0m[90m TS2307: [0mCannot find module '../adapters/outbound/events/rabbitmq-event.publisher' or its corresponding type declarations.

[7m14[0m import { RabbitMQEventPublisher } from '../adapters/outbound/events/rabbitmq-event.publisher';
[7m  [0m [91m                                       ~~~~~~~~~~~~~~~~~~~~~~~~~~~~~~~~~~~~~~~~~~~~~~~~~~~~~~[0m

[[90m13:17:34[0m] Found 5 errors. Watching for file changes.

[2J[3J[H[[90m13:18:08[0m] File change detected. Starting incremental compilation...

[[90m13:18:08[0m] Found 0 errors. Watching for file changes.

[32m[Nest] 453952  - [39m14/01/2026, 13:18:30 [32m    LOG[39m [38;5;3m[NestFactory] [39m[32mStarting Nest application...[39m
[32m[Nest] 453952  - [39m14/01/2026, 13:18:31 [32m    LOG[39m [38;5;3m[InstanceLoader] [39m[32mConfigHostModule dependencies initialized[39m[38;5;3m +603ms[39m
[32m[Nest] 453952  - [39m14/01/2026, 13:18:31 [32m    LOG[39m [38;5;3m[InstanceLoader] [39m[32mJwtModule dependencies initialized[39m[38;5;3m +0ms[39m
[32m[Nest] 453952  - [39m14/01/2026, 13:18:31 [32m    LOG[39m [38;5;3m[InstanceLoader] [39m[32mConfigModule dependencies initialized[39m[38;5;3m +1ms[39m
[32m[Nest] 453952  - [39m14/01/2026, 13:18:31 [32m    LOG[39m [38;5;3m[InstanceLoader] [39m[32mIdentityModule dependencies initialized[39m[38;5;3m +0ms[39m
[32m[Nest] 453952  - [39m14/01/2026, 13:18:32 [32m    LOG[39m [38;5;3m[RoutesResolver] [39m[32mAuthController {/api/identity/v1/auth}:[39m[38;5;3m +1039ms[39m
[32m[Nest] 453952  - [39m14/01/2026, 13:18:32 [32m    LOG[39m [38;5;3m[RouterExplorer] [39m[32mMapped {/api/identity/v1/auth/login, POST} route[39m[38;5;3m +2ms[39m
[32m[Nest] 453952  - [39m14/01/2026, 13:18:32 [32m    LOG[39m [38;5;3m[RouterExplorer] [39m[32mMapped {/api/identity/v1/auth/register, POST} route[39m[38;5;3m +0ms[39m
[32m[Nest] 453952  - [39m14/01/2026, 13:18:32 [32m    LOG[39m [38;5;3m[NestApplication] [39m[32mNest application successfully started[39m[38;5;3m +2ms[39m
¨Desea terminar el trabajo por lotes (S/N)? 
